---
source: tui/src/history_cell/tests.rs
assertion_line: 1207
expression: rendered
---
╭──────────────────────────────────────────────────────╮
│ ✨ Update available! 0.151.0 -> 9.9.9                │
│ Run npm install -g @mmmbuto/codex-vl to update.      │
│                                                      │
│ See full release notes:                              │
│ https://github.com/DioNanos/codex-vl/releases/latest │
╰──────────────────────────────────────────────────────╯
